127.0.0.1 - - [21/Feb/2025:00:20:00 -0300] "GET / HTTP/1.1" 404 764
0:0:0:0:0:0:0:1 - - [21/Feb/2025:00:20:03 -0300] "GET /MyServicos/EndID?id=1 HTTP/1.1" 200 77
127.0.0.1 - - [21/Feb/2025:00:20:53 -0300] "GET / HTTP/1.1" 404 764
0:0:0:0:0:0:0:1 - - [21/Feb/2025:00:21:20 -0300] "GET /MyServicos/RecuperaPorCEP?CEP=01311000 HTTP/1.1" 404 793
127.0.0.1 - - [21/Feb/2025:00:23:10 -0300] "GET / HTTP/1.1" 404 764
0:0:0:0:0:0:0:1 - - [21/Feb/2025:00:23:14 -0300] "GET /MyServicos/RecuperaPorCEP?CEP=01311000 HTTP/1.1" 404 793
0:0:0:0:0:0:0:1 - - [21/Feb/2025:00:23:52 -0300] "GET /MyServicos/RecuperaPorCEP?CEP=01311000 HTTP/1.1" 404 793
0:0:0:0:0:0:0:1 - - [21/Feb/2025:00:25:45 -0300] "GET /MyServicos/RecuperaPorCep?CEP=01311000 HTTP/1.1" 500 724
127.0.0.1 - - [21/Feb/2025:00:27:23 -0300] "GET / HTTP/1.1" 404 764
0:0:0:0:0:0:0:1 - - [21/Feb/2025:00:27:26 -0300] "GET /MyServicos/RecuperaPorCep?CEP=01311000 HTTP/1.1" 500 1537
127.0.0.1 - - [21/Feb/2025:00:28:13 -0300] "GET / HTTP/1.1" 404 764
0:0:0:0:0:0:0:1 - - [21/Feb/2025:00:28:20 -0300] "GET /MyServicos/RecuperaPorCep?CEP=01311000 HTTP/1.1" 500 724
127.0.0.1 - - [21/Feb/2025:00:29:15 -0300] "GET / HTTP/1.1" 404 764
0:0:0:0:0:0:0:1 - - [21/Feb/2025:00:29:19 -0300] "GET /MyServicos/RecuperaPorCep?CEP=01311000 HTTP/1.1" 500 724
0:0:0:0:0:0:0:1 - - [21/Feb/2025:00:31:32 -0300] "GET /MyServicos/EndID?id=1 HTTP/1.1" 200 77
0:0:0:0:0:0:0:1 - - [21/Feb/2025:00:31:35 -0300] "GET /MyServicos/EndID?id=2 HTTP/1.1" 200 81
0:0:0:0:0:0:0:1 - - [21/Feb/2025:00:31:38 -0300] "GET /MyServicos/EndID?id=3 HTTP/1.1" 200 78
0:0:0:0:0:0:0:1 - - [21/Feb/2025:00:31:40 -0300] "GET /MyServicos/EndID?id=3 HTTP/1.1" 200 78
0:0:0:0:0:0:0:1 - - [21/Feb/2025:00:31:53 -0300] "GET /MyServicos/RecuperaPorCep?Cep=01311000 HTTP/1.1" 500 1537
0:0:0:0:0:0:0:1 - - [21/Feb/2025:00:32:10 -0300] "GET /MyServicos/RecuperaPorCep?CEP=01311000 HTTP/1.1" 500 724
127.0.0.1 - - [21/Feb/2025:00:33:31 -0300] "GET / HTTP/1.1" 404 764
0:0:0:0:0:0:0:1 - - [21/Feb/2025:00:33:34 -0300] "GET /MyServicos/RecuperaPorCep?CEP=01311000 HTTP/1.1" 500 724
127.0.0.1 - - [21/Feb/2025:00:39:38 -0300] "GET / HTTP/1.1" 404 764
0:0:0:0:0:0:0:1 - - [21/Feb/2025:00:39:42 -0300] "GET /MyServicos/RecuperaPorCep?CEP=01311000 HTTP/1.1" 500 724
127.0.0.1 - - [21/Feb/2025:00:43:28 -0300] "GET / HTTP/1.1" 404 764
0:0:0:0:0:0:0:1 - - [21/Feb/2025:00:43:31 -0300] "GET /MyServicos/RecuperaPorCep?CEP=01311000 HTTP/1.1" 200 77
0:0:0:0:0:0:0:1 - - [21/Feb/2025:00:44:27 -0300] "GET /MyServicos/RecuperaPorCep?CEP=22021001 HTTP/1.1" 200 81
0:0:0:0:0:0:0:1 - - [21/Feb/2025:00:49:30 -0300] "GET /MyServicos/EndID?id=1 HTTP/1.1" 200 77
127.0.0.1 - - [21/Feb/2025:00:53:21 -0300] "GET / HTTP/1.1" 404 764
0:0:0:0:0:0:0:1 - - [21/Feb/2025:00:53:25 -0300] "GET /MyServicos/EndID?id=1 HTTP/1.1" 500 724
127.0.0.1 - - [21/Feb/2025:00:56:03 -0300] "GET / HTTP/1.1" 404 764
0:0:0:0:0:0:0:1 - - [21/Feb/2025:00:56:06 -0300] "GET /MyServicos/EndID?id=1 HTTP/1.1" 500 724
127.0.0.1 - - [21/Feb/2025:01:01:34 -0300] "GET / HTTP/1.1" 404 764
0:0:0:0:0:0:0:1 - - [21/Feb/2025:01:01:38 -0300] "GET /MyServicos/EndID?id=1 HTTP/1.1" 500 724
127.0.0.1 - - [21/Feb/2025:01:02:54 -0300] "GET / HTTP/1.1" 404 764
0:0:0:0:0:0:0:1 - - [21/Feb/2025:01:02:56 -0300] "GET /MyServicos/EndID?id=1 HTTP/1.1" 200 109
127.0.0.1 - - [21/Feb/2025:01:05:51 -0300] "GET / HTTP/1.1" 404 764
0:0:0:0:0:0:0:1 - - [21/Feb/2025:01:06:08 -0300] "GET /MyServicos/RecuperaPorCep?CEP=01311000 HTTP/1.1" 500 724
127.0.0.1 - - [21/Feb/2025:01:06:55 -0300] "GET / HTTP/1.1" 404 764
0:0:0:0:0:0:0:1 - - [21/Feb/2025:01:06:57 -0300] "GET /MyServicos/RecuperaPorCep?CEP=01311000 HTTP/1.1" 200 109
127.0.0.1 - - [21/Feb/2025:01:23:55 -0300] "GET / HTTP/1.1" 404 764
0:0:0:0:0:0:0:1 - - [21/Feb/2025:01:24:19 -0300] "GET /MyServicos/ObterCidade?Cidade=S%C3%A3o%20Paulo HTTP/1.1" 500 1440
127.0.0.1 - - [21/Feb/2025:01:24:59 -0300] "GET / HTTP/1.1" 404 764
0:0:0:0:0:0:0:1 - - [21/Feb/2025:01:25:02 -0300] "GET /MyServicos/ObterCidade?Cidade=S%C3%A3o%20Paulo HTTP/1.1" 500 79
0:0:0:0:0:0:0:1 - - [21/Feb/2025:01:26:35 -0300] "GET /MyServicos/ObterCidade?Cidade=Rio%20de%20Janeiro HTTP/1.1" 500 87
0:0:0:0:0:0:0:1 - - [21/Feb/2025:01:26:44 -0300] "GET /MyServicos/ObterCidade?Cidade=Belo%20Horizonte HTTP/1.1" 500 85
0:0:0:0:0:0:0:1 - - [21/Feb/2025:01:42:35 -0300] "POST /MyServicos/ObterCidade?Cidade=Belo%20Horizonte HTTP/1.1" 200 -
127.0.0.1 - - [21/Feb/2025:04:01:38 -0300] "GET / HTTP/1.1" 404 764
0:0:0:0:0:0:0:1 - - [21/Feb/2025:04:02:00 -0300] "GET /ServicosPaciente/paciente HTTP/1.1" 500 38
127.0.0.1 - - [21/Feb/2025:04:06:43 -0300] "GET / HTTP/1.1" 404 764
0:0:0:0:0:0:0:1 - - [21/Feb/2025:04:06:46 -0300] "GET /ServicosPaciente/paciente HTTP/1.1" 500 38
127.0.0.1 - - [21/Feb/2025:04:10:32 -0300] "GET / HTTP/1.1" 404 764
0:0:0:0:0:0:0:1 - - [21/Feb/2025:04:10:35 -0300] "GET /ServicosPaciente/paciente HTTP/1.1" 500 2181
0:0:0:0:0:0:0:1 - - [21/Feb/2025:04:11:35 -0300] "GET /ServicosPaciente/paciente HTTP/1.1" 500 1993
127.0.0.1 - - [21/Feb/2025:04:13:11 -0300] "GET / HTTP/1.1" 404 764
0:0:0:0:0:0:0:1 - - [21/Feb/2025:04:13:18 -0300] "GET /ServicosPaciente/paciente HTTP/1.1" 200 398
127.0.0.1 - - [21/Feb/2025:04:17:22 -0300] "GET / HTTP/1.1" 404 764
127.0.0.1 - - [21/Feb/2025:04:17:37 -0300] "GET / HTTP/1.1" 404 764
0:0:0:0:0:0:0:1 - - [21/Feb/2025:04:17:45 -0300] "GET /MyServicos/paciente HTTP/1.1" 200 398
0:0:0:0:0:0:0:1 - - [21/Feb/2025:04:17:56 -0300] "GET /MyServicos/EndID?id=1 HTTP/1.1" 500 109
0:0:0:0:0:0:0:1 - - [21/Feb/2025:04:18:04 -0300] "GET /MyServicos/paciente HTTP/1.1" 200 398
0:0:0:0:0:0:0:1 - - [21/Feb/2025:04:18:08 -0300] "GET /MyServicos/Paciente HTTP/1.1" 404 787
0:0:0:0:0:0:0:1 - - [21/Feb/2025:04:18:32 -0300] "GET /MyServicos/RecuperaPorCep?CEP=01131000 HTTP/1.1" 500 1447
0:0:0:0:0:0:0:1 - - [21/Feb/2025:04:19:35 -0300] "GET /MyServicos/RecuperaPorCep?CEP=01311000 HTTP/1.1" 500 109
127.0.0.1 - - [21/Feb/2025:05:16:23 -0300] "GET / HTTP/1.1" 404 764
127.0.0.1 - - [21/Feb/2025:05:16:31 -0300] "GET /ServicosPaciente/paciente HTTP/1.1" 404 793
127.0.0.1 - - [21/Feb/2025:05:16:31 -0300] "GET /ServicosPaciente/paciente HTTP/1.1" 404 793
127.0.0.1 - - [21/Feb/2025:05:16:42 -0300] "GET /ServicosPaciente/paciente HTTP/1.1" 404 793
127.0.0.1 - - [21/Feb/2025:05:16:42 -0300] "GET /ServicosPaciente/paciente HTTP/1.1" 404 793
127.0.0.1 - - [21/Feb/2025:05:16:50 -0300] "GET /ServicosPaciente/paciente HTTP/1.1" 404 793
127.0.0.1 - - [21/Feb/2025:05:16:50 -0300] "GET /ServicosPaciente/paciente HTTP/1.1" 404 793
127.0.0.1 - - [21/Feb/2025:05:18:01 -0300] "GET /MyServicos/paciente HTTP/1.1" 200 398
127.0.0.1 - - [21/Feb/2025:05:18:27 -0300] "GET /ServicosPaciente/paciente HTTP/1.1" 404 793
127.0.0.1 - - [21/Feb/2025:05:19:13 -0300] "GET /ServicosPaciente/paciente HTTP/1.1" 404 793
127.0.0.1 - - [21/Feb/2025:05:19:13 -0300] "GET /ServicosPaciente/paciente HTTP/1.1" 404 793
127.0.0.1 - - [21/Feb/2025:05:20:01 -0300] "GET /ServicosPaciente/paciente HTTP/1.1" 404 793
127.0.0.1 - - [21/Feb/2025:05:20:01 -0300] "GET /ServicosPaciente/paciente HTTP/1.1" 404 793
127.0.0.1 - - [21/Feb/2025:05:20:03 -0300] "GET /ServicosPaciente/paciente HTTP/1.1" 404 793
127.0.0.1 - - [21/Feb/2025:05:20:03 -0300] "GET /ServicosPaciente/paciente HTTP/1.1" 404 793
127.0.0.1 - - [21/Feb/2025:05:20:20 -0300] "GET /ServicosPaciente/paciente HTTP/1.1" 404 793
127.0.0.1 - - [21/Feb/2025:05:20:20 -0300] "GET /ServicosPaciente/paciente HTTP/1.1" 404 793
127.0.0.1 - - [21/Feb/2025:05:25:52 -0300] "GET / HTTP/1.1" 404 764
127.0.0.1 - - [21/Feb/2025:05:26:06 -0300] "GET /ServicosPaciente/paciente HTTP/1.1" 404 793
127.0.0.1 - - [21/Feb/2025:05:26:06 -0300] "GET /ServicosPaciente/paciente HTTP/1.1" 404 793
127.0.0.1 - - [21/Feb/2025:05:26:12 -0300] "GET /ServicosPaciente/paciente HTTP/1.1" 404 793
127.0.0.1 - - [21/Feb/2025:05:26:12 -0300] "GET /ServicosPaciente/paciente HTTP/1.1" 404 793
127.0.0.1 - - [21/Feb/2025:05:33:33 -0300] "GET /MyServicos/paciente HTTP/1.1" 200 398
127.0.0.1 - - [21/Feb/2025:05:33:50 -0300] "GET /ServicosPaciente/paciente] HTTP/1.1" 400 763
127.0.0.1 - - [21/Feb/2025:05:33:52 -0300] "GET /ServicosPaciente/paciente HTTP/1.1" 404 793
127.0.0.1 - - [21/Feb/2025:05:38:57 -0300] "GET /MyServicos/paciente HTTP/1.1" 200 398
127.0.0.1 - - [21/Feb/2025:05:38:57 -0300] "GET /MyServicos/paciente HTTP/1.1" 200 398
127.0.0.1 - - [21/Feb/2025:05:39:06 -0300] "GET /MyServicos/consultarpac?cpfPaciente=0 HTTP/1.1" 404 40
127.0.0.1 - - [21/Feb/2025:05:39:11 -0300] "GET /MyServicos/consultarpac?cpfPaciente=013 HTTP/1.1" 404 40
127.0.0.1 - - [21/Feb/2025:05:39:14 -0300] "GET /MyServicos/consultarpac?cpfPaciente=01311000 HTTP/1.1" 404 40
127.0.0.1 - - [21/Feb/2025:05:39:18 -0300] "GET /MyServicos/paciente HTTP/1.1" 200 398
127.0.0.1 - - [21/Feb/2025:05:39:24 -0300] "GET /MyServicos/paciente HTTP/1.1" 200 398
127.0.0.1 - - [21/Feb/2025:05:39:24 -0300] "GET /MyServicos/paciente HTTP/1.1" 200 398
127.0.0.1 - - [21/Feb/2025:05:39:32 -0300] "GET /MyServicos/paciente HTTP/1.1" 200 398
127.0.0.1 - - [21/Feb/2025:05:39:32 -0300] "GET /MyServicos/paciente HTTP/1.1" 200 398
127.0.0.1 - - [21/Feb/2025:05:40:29 -0300] "GET /MyServicos/RecuperaCep?CEP=01311000 HTTP/1.1" 404 790
127.0.0.1 - - [21/Feb/2025:05:41:40 -0300] "GET /MyServicos/paciente HTTP/1.1" 200 398
127.0.0.1 - - [21/Feb/2025:05:41:40 -0300] "GET /MyServicos/paciente HTTP/1.1" 200 398
127.0.0.1 - - [21/Feb/2025:05:41:42 -0300] "GET /MyServicos/consultarpac?cpfPaciente=55566677788 HTTP/1.1" 200 133
127.0.0.1 - - [21/Feb/2025:05:41:47 -0300] "GET /MyServicos/consultarpac?cpfPaciente=5556667778 HTTP/1.1" 404 40
127.0.0.1 - - [21/Feb/2025:05:41:49 -0300] "GET /MyServicos/consultarpac?cpfPaciente=55566677788 HTTP/1.1" 200 133
127.0.0.1 - - [21/Feb/2025:05:42:31 -0300] "GET /MyServicos/paciente HTTP/1.1" 200 398
127.0.0.1 - - [21/Feb/2025:05:42:36 -0300] "GET /MyServicos/consultarpac?cpfPaciente=111222333 HTTP/1.1" 404 40
127.0.0.1 - - [21/Feb/2025:05:42:38 -0300] "GET /MyServicos/consultarpac?cpfPaciente=11122233344 HTTP/1.1" 200 129
127.0.0.1 - - [21/Feb/2025:05:44:28 -0300] "GET /MyServicos/paciente HTTP/1.1" 200 398
127.0.0.1 - - [21/Feb/2025:05:44:28 -0300] "GET /MyServicos/paciente HTTP/1.1" 200 398
127.0.0.1 - - [21/Feb/2025:05:44:39 -0300] "GET /MyServicos/paciente HTTP/1.1" 200 398
127.0.0.1 - - [21/Feb/2025:05:44:39 -0300] "GET /MyServicos/paciente HTTP/1.1" 200 398
127.0.0.1 - - [21/Feb/2025:05:45:53 -0300] "GET /MyServicos/consultarpac?cpfPaciente=99988877766 HTTP/1.1" 200 132
127.0.0.1 - - [21/Feb/2025:05:47:20 -0300] "GET /MyServicos/paciente HTTP/1.1" 200 398
127.0.0.1 - - [21/Feb/2025:05:47:20 -0300] "GET /MyServicos/paciente HTTP/1.1" 200 398
127.0.0.1 - - [21/Feb/2025:05:47:26 -0300] "GET /MyServicos/consultarpac?cpfPaciente=11122233344 HTTP/1.1" 200 129
127.0.0.1 - - [21/Feb/2025:05:50:44 -0300] "GET /MyServicos/paciente HTTP/1.1" 200 398
127.0.0.1 - - [21/Feb/2025:05:50:44 -0300] "GET /MyServicos/paciente HTTP/1.1" 200 398
127.0.0.1 - - [21/Feb/2025:05:50:47 -0300] "GET /MyServicos/consultarpac?cpfPaciente=console.log(pacienteData)%3B HTTP/1.1" 404 40
127.0.0.1 - - [21/Feb/2025:05:50:52 -0300] "GET /MyServicos/consultarpac?cpfPaciente=11122233344 HTTP/1.1" 200 129
127.0.0.1 - - [21/Feb/2025:05:51:44 -0300] "GET /MyServicos/paciente HTTP/1.1" 200 398
127.0.0.1 - - [21/Feb/2025:05:51:44 -0300] "GET /MyServicos/paciente HTTP/1.1" 200 398
127.0.0.1 - - [21/Feb/2025:05:51:51 -0300] "GET /MyServicos/consultarpac?cpfPaciente=55566677788 HTTP/1.1" 200 133
127.0.0.1 - - [21/Feb/2025:05:58:44 -0300] "GET /MyServicos/paciente HTTP/1.1" 200 398
127.0.0.1 - - [21/Feb/2025:05:58:44 -0300] "GET /MyServicos/paciente HTTP/1.1" 200 398
127.0.0.1 - - [21/Feb/2025:05:58:48 -0300] "GET /MyServicos/consultarpac?cpfPaciente=11122233344 HTTP/1.1" 200 129
127.0.0.1 - - [21/Feb/2025:05:58:55 -0300] "GET /MyServicos/paciente HTTP/1.1" 200 398
127.0.0.1 - - [21/Feb/2025:05:58:55 -0300] "GET /MyServicos/paciente HTTP/1.1" 200 398
127.0.0.1 - - [21/Feb/2025:05:59:12 -0300] "GET /MyServicos/consultarpac?cpfPaciente=11122233344 HTTP/1.1" 200 129
127.0.0.1 - - [21/Feb/2025:05:59:48 -0300] "GET /MyServicos/paciente HTTP/1.1" 200 398
127.0.0.1 - - [21/Feb/2025:05:59:48 -0300] "GET /MyServicos/paciente HTTP/1.1" 200 398
127.0.0.1 - - [21/Feb/2025:05:59:53 -0300] "GET /MyServicos/paciente HTTP/1.1" 200 398
127.0.0.1 - - [21/Feb/2025:05:59:53 -0300] "GET /MyServicos/paciente HTTP/1.1" 200 398
127.0.0.1 - - [21/Feb/2025:05:59:58 -0300] "GET /MyServicos/consultarpac?cpfPaciente=11122233344 HTTP/1.1" 200 129
127.0.0.1 - - [21/Feb/2025:06:03:36 -0300] "GET /MyServicos/paciente HTTP/1.1" 200 398
127.0.0.1 - - [21/Feb/2025:06:03:36 -0300] "GET /MyServicos/paciente HTTP/1.1" 200 398
127.0.0.1 - - [21/Feb/2025:06:03:44 -0300] "GET /MyServicos/consultarpac?cpfPaciente=11122233344 HTTP/1.1" 200 129
127.0.0.1 - - [21/Feb/2025:06:04:57 -0300] "GET /MyServicos/paciente HTTP/1.1" 200 398
127.0.0.1 - - [21/Feb/2025:06:04:57 -0300] "GET /MyServicos/paciente HTTP/1.1" 200 398
127.0.0.1 - - [21/Feb/2025:06:05:05 -0300] "GET /MyServicos/consultarpac?cpfPaciente=11122233344 HTTP/1.1" 200 129
127.0.0.1 - - [21/Feb/2025:06:10:42 -0300] "GET /MyServicos/paciente HTTP/1.1" 200 398
127.0.0.1 - - [21/Feb/2025:06:10:42 -0300] "GET /MyServicos/paciente HTTP/1.1" 200 398
127.0.0.1 - - [21/Feb/2025:06:10:51 -0300] "GET /MyServicos/consultarpac?cpfPaciente=11122233344 HTTP/1.1" 200 129
